C51 COMPILER V9.60.7.0   MUSIC                                                             01/03/2025 10:07:41 PAGE 1   


C51 COMPILER V9.60.7.0, COMPILATION OF MODULE MUSIC
OBJECT MODULE PLACED IN .\Objects\Music.obj
COMPILER INVOKED BY: D:\C51V961\C51\BIN\C51.EXE Music.c OPTIMIZE(8,SPEED) BROWSE DEBUG OBJECTEXTEND PRINT(.\Listings\Mus
                    -ic.lst) TABS(2) OBJECT(.\Objects\Music.obj)

line level    source

   1          /*
   2          Xinyu Liu self-taught 8051 MCU
   3          Description: this file store music library for Music1: Castle in the sky; Music2-5: Flower Dance. This als
             -o include functions nessasary for play music
   4          Version@2025/1/3
   5          */
   6          
   7          #include <REGX52.H>
   8          #include "Delay.h"
   9          #include "Timer0.h"
  10          
  11          #define P 0
  12          #define L1  1
  13          #define L1_ 2
  14          #define L2  3
  15          #define L2_ 4
  16          #define L3  5
  17          #define L4  6
  18          #define L4_ 7
  19          #define L5  8
  20          #define L5_ 9
  21          #define L6  10
  22          #define L6_ 11
  23          #define L7  12
  24          #define M1  13
  25          #define M1_ 14
  26          #define M2  15
  27          #define M2_ 16
  28          #define M3  17
  29          #define M4  18
  30          #define M4_ 19
  31          #define M5  20
  32          #define M5_ 21
  33          #define M6  22
  34          #define M6_ 23
  35          #define M7  24
  36          #define M7_ 25
  37          #define H1  26
  38          #define H1_ 27
  39          #define H2  28
  40          #define H2_ 29
  41          #define H3  30
  42          #define H4  31
  43          #define H4_ 32
  44          #define H5  33
  45          #define H5_ 34
  46          #define H6  35
  47          #define H6_ 36
  48          #define H7  37
  49          #define HH1 38
  50          #define HH1_ 39
  51          #define HH2 40
  52          #define HH3 41
  53          
C51 COMPILER V9.60.7.0   MUSIC                                                             01/03/2025 10:07:41 PAGE 2   

  54          #define SPEED 110
  55          //buzzer IO
  56          sbit buzzer = P2^5;
  57          
  58          unsigned int freqTable[]={
  59            0,
  60            63628,63731,63835,63928,64021,64103,64185,64260,64331,64400,64463,64528,
  61            64580,64633,64684,64732,64777,64820,64860,64898,64934,64968,65000,65030,65045,
  62            65058,65085,65110,65134,65157,65178,65198,65217,65235,65252,65268,65283,
  63            65300,65308,65316,65327,
  64          };
  65          
  66          xdata unsigned int music1[] = {
  67            //1
  68          //  P,  4,
  69          //  P,  4,
  70          //  P,  4,
  71          //  M6, 2,
  72          //  M7, 2,
  73          //  
  74          //  H1, 4+2,
  75          //  M7, 2,
  76          //  H1, 4,
  77          //  H3, 4,
  78          //  
  79          //  M7, 4+4+4,
  80          //  M3, 2,
  81          //  M3, 2,
  82          //  
  83          //  //2
  84          //  M6, 4+2,
  85          //  M5, 2,
  86          //  M6, 4,
  87          //  H1, 4,
  88          //  
  89          //  M5, 4+4+4,
  90          //  M3, 4,
  91          //  
  92          //  M4, 4+2,
  93          //  M3, 2,
  94          //  M4, 4,
  95          //  H1, 4,
  96          //  
  97          //  //3
  98          //  M3, 4+4,
  99          //  P,  2,
 100          //  H1, 2,
 101          //  H1, 2,
 102          //  H1, 2,
 103          //  
 104          //  M7, 4+2,
 105          //  M4_,2,
 106          //  M4_,4,
 107          //  M7, 4,
 108          //  
 109          //  M7, 8,
 110          //  P,  4,
 111          //  M6, 2,
 112          //  M7, 2,
 113          //  
 114          //  //4
 115          //  H1, 4+2,
C51 COMPILER V9.60.7.0   MUSIC                                                             01/03/2025 10:07:41 PAGE 3   

 116          //  M7, 2,
 117          //  H1, 4,
 118          //  H3, 4,
 119          //  
 120          //  M7, 4+4+4,
 121          //  M3, 2,
 122          //  M3, 2,
 123          //  
 124          //  M6, 4+2,
 125          //  M5, 2,
 126          //  M6, 4,
 127          //  H1, 4,
 128          //  
 129          //  //5
 130          //  M5, 4+4+4,
 131          //  M2, 2,
 132          //  M3, 2,
 133          //  
 134          //  M4, 4,
 135          //  H1, 2,
 136          //  M7, 2+2,
 137          //  H1, 2+4,
 138          //  
 139          //  H2, 2,
 140          //  H2, 2,
 141          //  H3, 2,
 142          //  H1, 2+4+4,
 143          //  
 144          //  //6
 145          //  H1, 2,
 146          //  M7, 2,
 147          //  M6, 2,
 148          //  M6, 2,
 149          //  M7, 4,
 150          //  M5_,4,
 151          //  
 152          //  
 153          //  M6, 4+4+4,
 154          //  H1, 2,
 155          //  H2, 2,
 156          //  
 157          //  H3, 4+2,
 158          //  H2, 2,
 159          //  H3, 4,
 160          //  H5, 4,
 161          //  
 162          //  //7
 163          //  H2, 4+4+4,
 164          //  M5, 2,
 165          //  M5, 2,
 166          //  
 167          //  H1, 4+2,
 168          //  M7, 2,
 169          //  H1, 4,
 170          //  H3, 4,
 171          //  
 172          //  H3, 4+4+4+4,
 173          //  
 174          //  //8
 175          //  M6, 2,
 176          //  M7, 2,
 177          //  H1, 4,
C51 COMPILER V9.60.7.0   MUSIC                                                             01/03/2025 10:07:41 PAGE 4   

 178          //  M7, 4,
 179          //  H2, 2,
 180          //  H2, 2,
 181          //  
 182          //  H1, 4+2,
 183          //  M5, 2+4+4,
 184          //  
 185          //  H4, 4,
 186          //  H3, 4,
 187          //  H3, 4,
 188          //  H1, 4,
 189          //  
 190          //  //9
 191          //  H3, 4+4+4,
 192          //  H3, 4,
 193          //  
 194          //  H6, 4+4,
 195          //  H5, 4,
 196          //  H5, 4,
 197          //  
 198          //  H3, 2,
 199          //  H2, 2,
 200          //  H1, 4+4,
 201          //  P,  2,
 202          //  H1, 2,
 203          //  
 204          //  //10
 205          //  H2, 4,
 206          //  H1, 2,
 207          //  H2, 2,
 208          //  H2, 4,
 209          //  H5, 4,
 210          //  
 211          //  H3, 4+4+4,
 212          //  H3, 4,
 213          //  
 214          //  H6, 4+4,
 215          //  H5, 4+4,
 216          //  
 217          //  //11
 218          //  H3, 2,
 219          //  H2, 2,
 220          //  H1, 4+4,
 221          //  P,  2,
 222          //  H1, 2,
 223          //  
 224          //  H2, 4,
 225          //  H1, 2,
 226          //  H2, 2+4,
 227          //  M7, 4,
 228          //  
 229          //  M6, 4+4+4,
 230          //  P,  4,
 231          //  
 232            0xFF
 233          };
 234          
 235          xdata unsigned int music2[] = 
 236          {
 237            //1
 238            H3, 2,
 239            H2, 2,
C51 COMPILER V9.60.7.0   MUSIC                                                             01/03/2025 10:07:41 PAGE 5   

 240            H6, 2,
 241            H2, 2,
 242            
 243            H3, 2,
 244            H2, 2,
 245            M6, 2,
 246            H2, 2,
 247            
 248            //2
 249            H3, 2,
 250            H2, 2,
 251            H6, 2,
 252            H2, 2,
 253            
 254            H3, 2,
 255            H2, 2,
 256            M6, 2,
 257            H2, 2,
 258            
 259            //3
 260            H3, 2,
 261            H2, 2,
 262            H6, 2,
 263            H2, 2,
 264            
 265            H3, 2,
 266            H2, 2,
 267            M6, 2,
 268            H2, 2,
 269            
 270            //4
 271            H3, 2,
 272            H2, 2,
 273            H6, 2,
 274            H2, 2,
 275            
 276            H3, 2,
 277            H2, 2,
 278            M6, 2,
 279            H2, 2,
 280            
 281            //5
 282            H3, 2,
 283            H2, 2,
 284            H6, 2,
 285            H2, 2,
 286            
 287            H3, 2,
 288            H2, 2,
 289            M6, 2,
 290            H2, 2,
 291            
 292            //6
 293            H3, 2,
 294            H2, 2,
 295            H6, 2,
 296            H2, 2,
 297            
 298            H3, 2,
 299            H2, 2,
 300            M6, 2,
 301            H2, 4,
C51 COMPILER V9.60.7.0   MUSIC                                                             01/03/2025 10:07:41 PAGE 6   

 302            P, 6,
 303            
 304            //7
 305            P, 2,
 306            H3, 2,
 307            H3, 4+1,
 308            M6, 1,
 309            H1, 1,
 310            H3, 1,
 311            H2, 4,
 312            H5, 4,
 313            
 314            //8
 315            H2, 3,
 316            H7, 1,
 317            H6, 3,
 318            H5_, 1,
 319            H6, 4,
 320            HH1_, 4,
 321            
 322            //9
 323            H6, 4,
 324            HH1_, 4,
 325            HH1, 1,
 326            HH1, 1,
 327            HH1_, 1,
 328            HH1, 1,
 329            H7, 2,
 330            H5_, 2,
 331            
 332            //10
 333            H6, 4+4,
 334            P, 4+4,
 335            H1, 2,
 336            M3, 2,
 337            M6, 2,
 338            H3, 2,
 339            
 340            //11
 341            H3, 4+1,
 342            M6, 1,
 343            H1, 1,
 344            H3, 1,
 345            H2, 4, 
 346            H5, 4,
 347            
 348            //12
 349            H2, 2,
 350            H5_, 2,
 351            H6, 2,
 352            H7, 2,
 353            H3, 1,
 354            HH1, 1,
 355            H2, 1,
 356            H7, 1,
 357            H1, 1,
 358            H6, 1,
 359            M7_, 1,
 360            H5_, 1,
 361            
 362            //13
 363            H6, 1,
C51 COMPILER V9.60.7.0   MUSIC                                                             01/03/2025 10:07:41 PAGE 7   

 364            HH2, 1, 
 365            HH1, 1,
 366            HH2, 1,
 367            H6, 1,
 368            HH1, 1, 
 369            HH1, 1,
 370            HH2, 1,
 371            H6, 1,
 372            HH2, 1, 
 373            HH1, 1,
 374            HH2, 1,
 375            H6, 1,
 376            HH2, 1, 
 377            HH1, 1,
 378            HH2, 1,
 379            //14
 380            H6, 1,
 381            HH2, 1,
 382            HH1, 1,
 383            HH2, 1,
 384            H6, 1,
 385            HH2, 1,
 386            H7, 1,
 387            HH2, 1,
 388            H6, 1,
 389            HH2, 1,
 390            H6_, 1,
 391            HH2, 1,
 392            H6, 2,
 393            H3, 2,
 394            H7, 1,
 395            H3, 1,
 396            H7, 1,
 397            H7, 1,
 398            H3, 1,
 399            H2, 1,
 400            H3, 1,
 401            H7, 1,
 402            M7, 1,
 403            H6, 1,
 404            M7, 1,
 405            H5, 2,
 406            H3, 1,
 407            H5, 1,
 408          
 409            //make a new list here
 410            
 411            //make a new list here
 412            
 413            
 414            0xFF,
 415          };
 416          
 417          xdata unsigned int music3[] = 
 418          {
 419            H6, 1,
 420            H1, 1,
 421            H5, 1,
 422            H1, 1,
 423            H6, 1,
 424            H1, 1,
 425            HH1, 1,
C51 COMPILER V9.60.7.0   MUSIC                                                             01/03/2025 10:07:41 PAGE 8   

 426            H1, 1,
 427            H5, 1,
 428            H1, 1,
 429            H4, 1,
 430            H1, 1,
 431            H3, 2,
 432            H3, 1,
 433            H5, 1,
 434            
 435            H4, 1,
 436            M6, 1,
 437            H3, 1,
 438            M6, 1,
 439            H2, 1,
 440            M6, 1,
 441            H4, 1,
 442            M6, 1,
 443            H3, 1,
 444            M6, 1,
 445            H2, 1,
 446            M6, 1,
 447            H1, 1,
 448            M6, 1,
 449            H3, 1,
 450            M6, 1,
 451            
 452            H2, 1,
 453            M4, 1,
 454            HH1, 1,
 455            M4, 1,
 456            M7, 1,
 457            M4, 1,
 458            M6, 1,
 459            M4, 1,
 460            M5_, 2,
 461            M6, 2,
 462            M7, 4,
 463            //continue from section B 2nd line...
 464            H1, 1,
 465            M3, 1,
 466            M7, 1, 
 467            M3, 1,
 468            H1, 1,
 469            M3, 1, 
 470            H2, 1,
 471            M3, 1,
 472            M7, 1,
 473            M3, 1,
 474            M6, 1,
 475            M3, 1,
 476            M5, 2,
 477            M3, 1,
 478            M5, 1,
 479            M6, 1,
 480            M1, 1,
 481            M5, 1,
 482            M1, 1,
 483            M6, 1,
 484            M1, 1,
 485            H1, 1,
 486            M1, 1,
 487            M5, 1,
C51 COMPILER V9.60.7.0   MUSIC                                                             01/03/2025 10:07:41 PAGE 9   

 488            M1, 1,
 489            M4, 1,
 490            M1, 1,
 491            M3, 2,
 492            M3, 1,
 493            M5, 1,
 494            
 495            M4, 2,
 496            H4, 1,
 497            H3, 1,
 498            H2, 1,
 499            H1, 1,
 500            M7, 1,
 501            M6, 1,
 502            H3, 1,
 503            H2, 1,
 504            H3, 1,
 505            H4, 1,
 506            H3, 1,
 507            H2, 1,
 508            H1, 1,
 509            M7, 1,
 510            M6, 2,
 511            H3, 2,
 512            H5_, 2,
 513            H3, 2,
 514            M6, 4+4,
 515            
 516            H6, 1,
 517            M6, 1,
 518            H1, 1,
 519            H3, 1,
 520            
 521            H6, 1,
 522            H1, 1,
 523            H3, 1,
 524            H6, 1,
 525            
 526            H7, 1,
 527            H2, 1,
 528            H3, 1,
 529            H6, 1,
 530            
 531            
 532            0xFF,
 533          };
 534          
 535          code unsigned int music4[] = 
 536          {
 537            H7, 1,
 538            H2, 1,
 539            HH1, 1,
 540            H7, 1,
 541            
 542            H6, 1,
 543            H3, 1,
 544            HH1, 1,
 545            H3, 1,
 546            
 547            H7, 1,
 548            H3, 1,
 549            H5, 1,
C51 COMPILER V9.60.7.0   MUSIC                                                             01/03/2025 10:07:41 PAGE 10  

 550            H3, 1,
 551            
 552            H6, 1,
 553            H1, 1,
 554            H5, 1,
 555            H1, 1,
 556            
 557            H3, 1,
 558            H1, 1,
 559            H5, 1,
 560            H1, 1,
 561            
 562            
 563            H6, 1,
 564            M6, 1,
 565            H1, 1,
 566            H3, 1,
 567            
 568            H6, 1,
 569            H1, 1,
 570            H3, 1,
 571            H6, 1,
 572            
 573            H7, 1,
 574            H2, 1,
 575            H3, 1,
 576            H6, 1,
 577            
 578            H7, 1,
 579            H2, 1,
 580            HH1, 1,
 581            H7, 1,
 582            
 583            
 584            H6, 1,
 585            H3, 1,
 586            HH1, 1,
 587            H3, 1,
 588            
 589            HH1_, 1,
 590            H3, 1,
 591            HH2, 1,
 592            H3, 1,
 593            
 594            HH1_, 1,
 595            H3, 1,
 596            HH1, 1,
 597            H3, 1,
 598            
 599            H6, 4,
 600            
 601            H6, 1,
 602            M6, 1,
 603            H1, 1,
 604            H3, 1,
 605            
 606            H6, 1,
 607            H1, 1,
 608            H3, 1,
 609            H6, 1,
 610            
 611            H7, 1,
C51 COMPILER V9.60.7.0   MUSIC                                                             01/03/2025 10:07:41 PAGE 11  

 612            H2, 1,
 613            H3, 1,
 614            H6, 1,
 615            
 616            H7, 1,
 617            H2, 1,
 618            HH1, 1,
 619            H7, 1,
 620            
 621            
 622            H6, 1,
 623            H3, 1,
 624            HH1, 1,
 625            H3, 1,
 626            
 627            H7, 1,
 628            H3, 1,
 629            H5, 1,
 630            H3, 1,
 631            
 632            H6, 1,
 633            H1, 1,
 634            H5, 1,
 635            H1, 1,
 636            
 637            H3, 1,
 638            H1, 1,
 639            H5, 1,
 640            H1, 1,
 641            
 642            
 643            H6, 1,
 644            M6, 1,
 645            H1, 1,
 646            H3, 1,
 647            
 648            0xFF,
 649          };
 650          
 651          code unsigned int music5[] =
 652          {
 653            H6, 1,
 654            H1, 1,
 655            H3, 1,
 656            H6, 1,
 657            
 658            H7, 1,
 659            H2, 1,
 660            H3, 1,
 661            H6, 1,
 662            
 663            H7, 1,
 664            H2, 1,
 665            HH1, 1,
 666            H7, 1,
 667            
 668            
 669            H6, 1,
 670            H3, 1,
 671            HH1, 1,
 672            H3, 1,
 673            
C51 COMPILER V9.60.7.0   MUSIC                                                             01/03/2025 10:07:41 PAGE 12  

 674            HH1_, 1,
 675            H3, 1,
 676            HH2, 1,
 677            H3, 1,
 678            
 679            HH1_, 1,
 680            H3, 1,
 681            HH1, 1,
 682            H3, 1,
 683            
 684            H6, 4,
 685            
 686            H6, 1,
 687            M6, 1,
 688            H1, 1,
 689            H3, 1,
 690            
 691            H6, 1,
 692            H1, 1,
 693            H3, 1,
 694            H6, 1,
 695            
 696            H7, 1,
 697            H2, 1,
 698            H3, 1,
 699            H6, 1,
 700            
 701            H7, 1,
 702            H2, 1,
 703            HH1, 1,
 704            H7, 1,
 705            
 706            
 707            H6, 1,
 708            H3, 1,
 709            HH1, 1,
 710            H3, 1,
 711            
 712            H7, 1,
 713            H3, 1,
 714            H5, 1,
 715            H3, 1,
 716            
 717            H6, 1,
 718            H1, 1,
 719            H5, 1,
 720            H1, 1,
 721            
 722            H3, 1,
 723            H1, 1,
 724            H5, 1,
 725            H1, 1,
 726            
 727            
 728            H6, 1,
 729            M6, 1,
 730            H1, 1,
 731            H3, 1,
 732            
 733            H6, 1,
 734            H1, 1,
 735            H3, 1,
C51 COMPILER V9.60.7.0   MUSIC                                                             01/03/2025 10:07:41 PAGE 13  

 736            H6, 1,
 737            
 738            H7, 1,
 739            H2, 1,
 740            H3, 1,
 741            H6, 1,
 742            
 743            H7, 1,
 744            H2, 1,
 745            HH1, 1,
 746            H7, 1,
 747            
 748            H6, 4+4,
 749            0xFF,
 750          };
 751          
 752          unsigned int freqNode,musicNode,musicChoice,musicMove;
 753          
 754          void musicSelect(unsigned char selection)
 755          {
 756   1        if (selection == 1)
 757   1        {
 758   2          musicChoice = 1;
 759   2        } else if(selection == 2)
 760   1        {
 761   2          musicChoice = 2;
 762   2        }
 763   1      }
 764          
 765          void musicUpdate()
 766          {
 767   1        if (musicChoice == 1)
 768   1        {
 769   2          if (music1[musicNode] != 0xFF)
 770   2          {
 771   3            if (!music1[musicNode])
 772   3            {
 773   4              //freqNode = music[musicNode];
 774   4              musicNode++;
 775   4              TR0 = 0;
 776   4              Delay(SPEED * music1[musicNode]);
 777   4              TR0 = 1;
 778   4              musicNode++;
 779   4              
 780   4              TR0 = 0;
 781   4              Delay(10);
 782   4              TR0 = 1;
 783   4            } else
 784   3            {
 785   4              freqNode = music1[musicNode];
 786   4              musicNode++;
 787   4              Delay(SPEED * music1[musicNode]);
 788   4              musicNode++;
 789   4              
 790   4              TR0 = 0;
 791   4              Delay(10);
 792   4              TR0 = 1;
 793   4            }
 794   3            
 795   3          } else
 796   2          {
 797   3            TR0 = 0;
C51 COMPILER V9.60.7.0   MUSIC                                                             01/03/2025 10:07:41 PAGE 14  

 798   3            while(1);
 799   3          }
 800   2          
 801   2        } else if (musicChoice == 2)
 802   1        {
 803   2          if (musicMove == 0)
 804   2          {
 805   3            if (music2[musicNode] != 0xFF)
 806   3            {
 807   4              P2_0 = 0;
 808   4              if (!music2[musicNode])
 809   4              {
 810   5                //freqNode = music[musicNode];
 811   5                musicNode++;
 812   5                TR0 = 0;
 813   5                Delay(SPEED * music2[musicNode]);
 814   5                TR0 = 1;
 815   5                musicNode++;
 816   5                
 817   5                TR0 = 0;
 818   5                Delay(10);
 819   5                TR0 = 1;
 820   5              } else
 821   4              {
 822   5                freqNode = music2[musicNode];
 823   5                musicNode++;
 824   5                Delay(SPEED * music2[musicNode]);
 825   5                musicNode++;
 826   5                
 827   5                TR0 = 0;
 828   5                Delay(10);
 829   5                TR0 = 1;
 830   5              }
 831   4              
 832   4            } else
 833   3            {
 834   4              musicMove = 3;
 835   4              musicNode = 0;
 836   4              P2_0 = 1;
 837   4            }
 838   3          } else if (musicMove == 3)
 839   2          {
 840   3            if (music3[musicNode] != 0xFF)
 841   3            {
 842   4              P2_1 = 0;
 843   4              if (!music3[musicNode])
 844   4              {
 845   5                //freqNode = music[musicNode];
 846   5                musicNode++;
 847   5                TR0 = 0;
 848   5                Delay(SPEED * music3[musicNode]);
 849   5                TR0 = 1;
 850   5                musicNode++;
 851   5                
 852   5                TR0 = 0;
 853   5                Delay(10);
 854   5                TR0 = 1;
 855   5              } else
 856   4              {
 857   5                freqNode = music3[musicNode];
 858   5                musicNode++;
 859   5                Delay(SPEED * music3[musicNode]);
C51 COMPILER V9.60.7.0   MUSIC                                                             01/03/2025 10:07:41 PAGE 15  

 860   5                musicNode++;
 861   5                
 862   5                TR0 = 0;
 863   5                Delay(10);
 864   5                TR0 = 1;
 865   5              }
 866   4              
 867   4            } else
 868   3            {
 869   4              musicMove = 4;
 870   4              musicNode = 0;
 871   4              P2_1 = 1;
 872   4            }
 873   3          } else if (musicMove == 4)
 874   2          {
 875   3            if (music4[musicNode] != 0xFF)
 876   3            {
 877   4              P2_2 = 0;
 878   4              if (!music4[musicNode])
 879   4              {
 880   5                //freqNode = music[musicNode];
 881   5                musicNode++;
 882   5                TR0 = 0;
 883   5                Delay(SPEED * music4[musicNode]);
 884   5                TR0 = 1;
 885   5                musicNode++;
 886   5                
 887   5                TR0 = 0;
 888   5                Delay(10);
 889   5                TR0 = 1;
 890   5              } else
 891   4              {
 892   5                freqNode = music4[musicNode];
 893   5                musicNode++;
 894   5                Delay(SPEED * music4[musicNode]);
 895   5                musicNode++;
 896   5                
 897   5                TR0 = 0;
 898   5                Delay(10);
 899   5                TR0 = 1;
 900   5              }
 901   4            } else
 902   3            {
 903   4              musicMove = 5;
 904   4              musicNode = 0;
 905   4              P2_2 = 1;
 906   4            }
 907   3          } else if (musicMove == 5)
 908   2          {
 909   3            if (music5[musicNode] != 0xFF)
 910   3            {
 911   4              P2_3 = 0;
 912   4              if (!music5[musicNode])
 913   4              {
 914   5                //freqNode = music[musicNode];
 915   5                musicNode++;
 916   5                TR0 = 0;
 917   5                Delay(SPEED * music5[musicNode]);
 918   5                TR0 = 1;
 919   5                musicNode++;
 920   5                
 921   5                TR0 = 0;
C51 COMPILER V9.60.7.0   MUSIC                                                             01/03/2025 10:07:41 PAGE 16  

 922   5                Delay(10);
 923   5                TR0 = 1;
 924   5              } else
 925   4              {
 926   5                freqNode = music5[musicNode];
 927   5                musicNode++;
 928   5                Delay(SPEED * music5[musicNode]);
 929   5                musicNode++;
 930   5                
 931   5                TR0 = 0;
 932   5                Delay(10);
 933   5                TR0 = 1;
 934   5              }
 935   4            } else
 936   3            {
 937   4              musicNode = 0;
 938   4              TR0 = 0;
 939   4              P2_3 = 1;
 940   4              while(1);
 941   4            }
 942   3          }
 943   2        }
 944   1      }
 945          
 946          unsigned int freqLUpdate()
 947          {
 948   1        return freqTable[freqNode] % 256;
 949   1      }
 950          
 951          unsigned int freqHUpdate()
 952          {
 953   1        return freqTable[freqNode] / 256;
 954   1      }
 955          
 956          void buzz()
 957          {
 958   1        buzzer = !buzzer;
 959   1      }


MODULE INFORMATION:   STATIC OVERLAYABLE
   CODE SIZE        =   1039    ----
   CONSTANT SIZE    =    640    ----
   XDATA SIZE       =    978    ----
   PDATA SIZE       =   ----    ----
   DATA SIZE        =     92    ----
   IDATA SIZE       =   ----    ----
   BIT SIZE         =   ----    ----
END OF MODULE INFORMATION.


C51 COMPILATION COMPLETE.  0 WARNING(S),  0 ERROR(S)
